// Jest Snapshot v1, https://goo.gl/fbAQLP

exports[`  1`] = `
{
  "asFragment": [Function],
  "baseElement": <body>
    <div>
      <div
        class="card"
      >
        <img
          alt="bleach"
          src="https://media0.giphy.com/media/v1.Y2lkPWE4ZjI5ZjVidDczN3l3MmRycjA5d20zejYwY3VkaTVpdjFrNGRxZmVyYWF2N2NwNiZlcD12MV9naWZzX3NlYXJjaCZjdD1n/eATt3b9TKBfB2l0z4G/giphy.gif"
        />
        <p>
          bleach
        </p>
      </div>
    </div>
  </body>,
  "container": <div>
    <div
      class="card"
    >
      <img
        alt="bleach"
        src="https://media0.giphy.com/media/v1.Y2lkPWE4ZjI5ZjVidDczN3l3MmRycjA5d20zejYwY3VkaTVpdjFrNGRxZmVyYWF2N2NwNiZlcD12MV9naWZzX3NlYXJjaCZjdD1n/eATt3b9TKBfB2l0z4G/giphy.gif"
      />
      <p>
        bleach
      </p>
    </div>
  </div>,
  "debug": [Function],
  "findAllByAltText": [Function],
  "findAllByDisplayValue": [Function],
  "findAllByLabelText": [Function],
  "findAllByPlaceholderText": [Function],
  "findAllByRole": [Function],
  "findAllByTestId": [Function],
  "findAllByText": [Function],
  "findAllByTitle": [Function],
  "findByAltText": [Function],
  "findByDisplayValue": [Function],
  "findByLabelText": [Function],
  "findByPlaceholderText": [Function],
  "findByRole": [Function],
  "findByTestId": [Function],
  "findByText": [Function],
  "findByTitle": [Function],
  "getAllByAltText": [Function],
  "getAllByDisplayValue": [Function],
  "getAllByLabelText": [Function],
  "getAllByPlaceholderText": [Function],
  "getAllByRole": [Function],
  "getAllByTestId": [Function],
  "getAllByText": [Function],
  "getAllByTitle": [Function],
  "getByAltText": [Function],
  "getByDisplayValue": [Function],
  "getByLabelText": [Function],
  "getByPlaceholderText": [Function],
  "getByRole": [Function],
  "getByTestId": [Function],
  "getByText": [Function],
  "getByTitle": [Function],
  "queryAllByAltText": [Function],
  "queryAllByDisplayValue": [Function],
  "queryAllByLabelText": [Function],
  "queryAllByPlaceholderText": [Function],
  "queryAllByRole": [Function],
  "queryAllByTestId": [Function],
  "queryAllByText": [Function],
  "queryAllByTitle": [Function],
  "queryByAltText": [Function],
  "queryByDisplayValue": [Function],
  "queryByLabelText": [Function],
  "queryByPlaceholderText": [Function],
  "queryByRole": [Function],
  "queryByTestId": [Function],
  "queryByText": [Function],
  "queryByTitle": [Function],
  "rerender": [Function],
  "unmount": [Function],
}
`;
